<unimplemented/not executed>
<unimplemented/not executed>
