6	8	-2	0.5	2	16
24
11
false	true	true	false	true	false
true
9	24	-5	0.16666666666667	1	2.4178516392293e+24
3074	37	5120	72
true
-4	-8	-16	-32
-6	-2
